// Jest Snapshot v1, https://goo.gl/fbAQLP

exports[`LivePusher render correctly 1`] = `
<live-pusher
  aspect="9:16"
  audioQuality="high"
  audioReverbType={0}
  audioVolumeType="voicecall"
  autoFocus={true}
  autopush={false}
  backgroundMute={false}
  beauty={0}
  beautyStyle="smooth"
  customEffect={false}
  devicePosition="front"
  enableAgc={true}
  enableAns={false}
  enableCamera={false}
  enableMic={true}
  enableVideoCustomRender={false}
  eyeBigness={0}
  faceThinness={0}
  filter="standard"
  fps={15}
  localMirror="auto"
  maxBitrate={1000}
  minBitrate={200}
  mirror={false}
  mode="RTC"
  muted={false}
  orientation="vertical"
  remoteMirror={false}
  skinSmoothness={0}
  skinWhiteness={0}
  videoHeight={640}
  videoWidth={360}
  voiceChangerType={0}
  whiteness={0}
  zoom={false}
/>
`;
